<?xml version="1.0" encoding="UTF-8"?>
<testsuites name="jest tests" tests="4" failures="0" time="1.338">
  <testsuite name="objection-table-name (w/ objection v1)" errors="0" failures="0" skipped="0" timestamp="2020-01-08T18:50:40" time="1.195" tests="4">
    <testcase classname="objection-table-name (w/ objection v1) when using defaults should resolve &apos;tablename&apos; with camelCase and plural" name="objection-table-name (w/ objection v1) when using defaults should resolve &apos;tablename&apos; with camelCase and plural" time="0.006">
    </testcase>
    <testcase classname="objection-table-name (w/ objection v1) when using customs should resolve &apos;tableName&apos;" name="objection-table-name (w/ objection v1) when using customs should resolve &apos;tableName&apos;" time="0.001">
    </testcase>
    <testcase classname="objection-table-name (w/ objection v2) when using defaults should resolve &apos;tablename&apos; with camelCase and plural" name="objection-table-name (w/ objection v2) when using defaults should resolve &apos;tablename&apos; with camelCase and plural" time="0">
    </testcase>
    <testcase classname="objection-table-name (w/ objection v2) when using customs should resolve &apos;tableName&apos;" name="objection-table-name (w/ objection v2) when using customs should resolve &apos;tableName&apos;" time="0.001">
    </testcase>
  </testsuite>
</testsuites>